// Vitest Snapshot v1, https://vitest.dev/guide/snapshot.html

exports[`today's fetchTopContent output (Overview and Instagram) is pinned, with no author key anywhere 1`] = `
{
  "instagram": [
    {
      "caption": "collab post #ad",
      "channel": "INSTAGRAM",
      "creative": null,
      "id": 51,
      "mediaGroup": null,
      "mediaType": "VIDEO",
      "metrics": {
        "effectiveness": 7,
        "engagementRate": 0.1,
        "engagements": 30,
        "impressions": 300,
      },
      "platform": "Instagram",
      "publishedAt": "2026-06-05",
      "sourceType": "organic",
      "url": null,
    },
    {
      "caption": "",
      "channel": "INSTAGRAM",
      "creative": null,
      "id": 12,
      "mediaGroup": null,
      "mediaType": "IMAGE",
      "metrics": {
        "effectiveness": null,
        "engagementRate": null,
        "engagements": 20,
        "impressions": 50,
      },
      "platform": "Instagram",
      "publishedAt": "",
      "sourceType": "organic",
      "url": null,
    },
    {
      "caption": "",
      "channel": "INSTAGRAM",
      "creative": null,
      "id": 11,
      "mediaGroup": null,
      "mediaType": "IMAGE",
      "metrics": {
        "effectiveness": null,
        "engagementRate": null,
        "engagements": 10,
        "impressions": 100,
      },
      "platform": "Instagram",
      "publishedAt": "",
      "sourceType": "organic",
      "url": null,
    },
    {
      "caption": "tagged us",
      "channel": "INSTAGRAM",
      "creative": null,
      "id": 52,
      "mediaGroup": null,
      "mediaType": "IMAGE",
      "metrics": {
        "effectiveness": null,
        "engagementRate": null,
        "engagements": 8,
        "impressions": 80,
      },
      "platform": "Instagram",
      "publishedAt": "2026-06-06",
      "sourceType": "organic",
      "url": null,
    },
  ],
  "overview": [
    {
      "caption": "collab post #ad",
      "channel": "INSTAGRAM",
      "creative": null,
      "id": 51,
      "mediaGroup": null,
      "mediaType": "VIDEO",
      "metrics": {
        "effectiveness": 7,
        "engagementRate": 0.1,
        "engagements": 30,
        "impressions": 300,
      },
      "platform": "Instagram",
      "publishedAt": "2026-06-05",
      "sourceType": "organic",
      "url": null,
    },
    {
      "caption": "",
      "channel": "INSTAGRAM",
      "creative": null,
      "id": 12,
      "mediaGroup": null,
      "mediaType": "IMAGE",
      "metrics": {
        "effectiveness": null,
        "engagementRate": null,
        "engagements": 20,
        "impressions": 50,
      },
      "platform": "Instagram",
      "publishedAt": "",
      "sourceType": "organic",
      "url": null,
    },
    {
      "caption": "",
      "channel": "INSTAGRAM",
      "creative": null,
      "id": 11,
      "mediaGroup": null,
      "mediaType": "IMAGE",
      "metrics": {
        "effectiveness": null,
        "engagementRate": null,
        "engagements": 10,
        "impressions": 100,
      },
      "platform": "Instagram",
      "publishedAt": "",
      "sourceType": "organic",
      "url": null,
    },
    {
      "caption": "tagged us",
      "channel": "INSTAGRAM",
      "creative": null,
      "id": 52,
      "mediaGroup": null,
      "mediaType": "IMAGE",
      "metrics": {
        "effectiveness": null,
        "engagementRate": null,
        "engagements": 8,
        "impressions": 80,
      },
      "platform": "Instagram",
      "publishedAt": "2026-06-06",
      "sourceType": "organic",
      "url": null,
    },
    {
      "caption": "",
      "channel": "FACEBOOK",
      "creative": null,
      "id": 21,
      "mediaGroup": null,
      "mediaType": "IMAGE",
      "metrics": {
        "effectiveness": null,
        "engagementRate": null,
        "engagements": 5,
        "impressions": 0,
      },
      "platform": "Facebook",
      "publishedAt": "",
      "sourceType": "organic",
      "url": null,
    },
    {
      "caption": "",
      "channel": "LINKEDIN",
      "creative": null,
      "id": 31,
      "mediaGroup": null,
      "mediaType": "IMAGE",
      "metrics": {
        "effectiveness": null,
        "engagementRate": null,
        "engagements": 5,
        "impressions": 0,
      },
      "platform": "LinkedIn",
      "publishedAt": "",
      "sourceType": "organic",
      "url": null,
    },
    {
      "caption": "",
      "channel": "TWITTER",
      "creative": null,
      "id": 41,
      "mediaGroup": null,
      "mediaType": "IMAGE",
      "metrics": {
        "effectiveness": null,
        "engagementRate": null,
        "engagements": 5,
        "impressions": 0,
      },
      "platform": "X",
      "publishedAt": "",
      "sourceType": "organic",
      "url": null,
    },
  ],
}
`;
