// Vitest Snapshot v1, https://vitest.dev/guide/snapshot.html

exports[`the texts are the appendix, verbatim 1`] = `
{
  "ORGANIC_SOCIAL_DEFINITIONS": {
    "FACEBOOK": {
      "comments": "The number of comments your posts received.",
      "engagementRate": "The percentage of people who engaged with your posts after seeing them.",
      "engagements": "The total number of engagements your posts received. Organic Reactions + Comments + Shares + Post Clicks",
      "exposure": "The number of times your posts were viewed or displayed.",
      "followers": "The total number of followers you have on this channel.",
      "netNewFollowers": "The net new number of people who have followed your account.",
      "postClicks": "The number of times a user clicked anywhere on your posts. Post Clicks = Link Clicks + Photo View Clicks + Other Clicks",
      "reactions": "The number of reactions your posts received (Like, Love, Care, Haha, Wow, Sad, Angry).",
      "shares": "The number of times your posts were shared.",
      "videoViews": "The number of times your videos were viewed.",
    },
    "INSTAGRAM": {
      "comments": "The number of comments your posts received.",
      "engagementRate": "The percentage of people who engaged with your posts after seeing them.",
      "engagements": "The total number of engagements your posts received. Organic Likes + Saves + Comments + Shares + Reposts.",
      "exposure": "The number of times your posts were viewed or displayed.",
      "followers": "The total number of followers you have on this channel.",
      "likes": "The number of likes your posts received.",
      "netNewFollowers": "The net new number of people who have followed your account.",
      "profileClicks": "The number of times your profile has been clicked from your posts.",
      "profileViews": "The number of times your profile was viewed.",
      "reposts": "The number of times your posts have been reposted.",
      "saves": "The number of times your posts were saved.",
      "shares": "The number of times your posts were shared.",
      "videoViews": "The number of times your videos were viewed.",
    },
    "LINKEDIN": {
      "comments": "The number of comments your posts received.",
      "engagementRate": "The percentage of people who engaged with your posts after seeing them.",
      "engagements": "The total number of engagements your posts received. Organic Clicks + Reactions + Comments + Reposts",
      "exposure": "The number of times your posts were viewed or displayed.",
      "followers": "The total number of followers you have on this channel.",
      "netNewFollowers": "The net new number of people who have followed your account.",
      "postClicks": "The number of times people clicked on your posts.",
      "profileViews": "The number of times your profile was viewed.",
      "reactions": "The number of reactions your posts received.",
      "shares": "The number of times your posts were shared.",
      "videoViews": "The number of times your videos were viewed.",
    },
    "TIKTOK": {
      "comments": "The number of comments your posts received.",
      "completionRate": "The percentage of viewers that watched your videos to completion.",
      "engagementRate": "The percentage of people who engaged with your posts after seeing them.",
      "engagements": "The total number of engagements your posts received. Organic Likes + Comments + Shares + Favorites.",
      "exposure": "The number of times your posts were viewed or displayed.",
      "favorites": "The total number of times your posts have been added to favorites.",
      "followers": "The total number of followers you have on this channel.",
      "likes": "The number of likes your posts received.",
      "netNewFollowers": "The net new number of people who have followed your account.",
      "profileViews": "The number of times your profile was viewed.",
      "shares": "The number of times your posts were shared.",
      "videoViews": "The number of times your videos were viewed.",
    },
    "TWITTER": {
      "engagementRate": "The percentage of people who engaged with your posts after seeing them.",
      "engagements": "The total number of engagements your posts received. Organic Reposts + Replies + Likes + Link Clicks.",
      "exposure": "The number of times your posts were viewed or displayed.",
      "followers": "The total number of followers you have on this channel.",
      "likes": "The number of likes your posts received.",
      "linkClicks": "The number of times links on your posts were clicked.",
      "netNewFollowers": "The net new number of people who have followed your account.",
      "profileClicks": "The number of times your profile has been clicked from your posts.",
      "replies": "The number of replies your posts received.",
      "reposts": "The number of times your posts were reposted.",
    },
  },
  "TOP_POSTS_DEFINITION": "Top Performers by metric (Views/Engagements)",
}
`;
