// Vitest Snapshot v1, https://vitest.dev/guide/snapshot.html

exports[`editorial-and-clusters@1 golden 1`] = `
<div
  class="grid gap-6 lg:grid-cols-2"
>
  <div
    class="rounded-lg border border-white/[0.08] bg-bg-surface p-6"
  >
    <div
      class="mb-5"
    >
      <div
        class="flex items-center gap-1.5"
      >
        <h3
          class="text-sm font-bold text-white"
        >
          Which editorial domains do AI engines cite most for our prompts?
        </h3>
        <span
          class="inline-flex h-3.5 w-3.5 cursor-default items-center justify-center rounded-full border border-white/20 text-[9px] font-bold leading-none text-text-muted flex-shrink-0"
          data-slot="tooltip-trigger"
          data-state="closed"
        >
          ?
        </span>
      </div>
      <p
        class="mt-1 text-xs text-text-muted"
      >
        These domains are the most likely to surface as cited sources in AI-generated results, so they should be prioritized on the media target list.
      </p>
    </div>
    <div
      class="max-h-[320px] overflow-y-auto"
    >
      <div
        class="overflow-hidden"
      >
        <div
          class="overflow-x-auto"
        >
          <table
            class="w-full text-sm"
          >
            <thead>
              <tr
                class="border-b border-white/[0.04]"
              >
                <th
                  class="px-4 py-2.5 text-[10px] font-extrabold uppercase tracking-widest text-text-muted text-left"
                >
                  <span
                    class="inline-flex items-center gap-1.5 justify-start"
                  >
                    <button
                      aria-label="Sort by Domain"
                      class="group inline-flex items-center gap-1 transition-colors hover:text-white"
                    >
                      Domain
                      <svg
                        aria-hidden="true"
                        class="lucide lucide-arrow-up-down h-3 w-3 opacity-30 group-hover:opacity-100"
                        fill="none"
                        height="24"
                        stroke="currentColor"
                        stroke-linecap="round"
                        stroke-linejoin="round"
                        stroke-width="2"
                        viewBox="0 0 24 24"
                        width="24"
                        xmlns="http://www.w3.org/2000/svg"
                      >
                        <path
                          d="m21 16-4 4-4-4"
                        />
                        <path
                          d="M17 20V4"
                        />
                        <path
                          d="m3 8 4-4 4 4"
                        />
                        <path
                          d="M7 4v16"
                        />
                      </svg>
                    </button>
                    <button
                      aria-controls="radix-_r_1_"
                      aria-expanded="false"
                      aria-haspopup="dialog"
                      aria-label="Filter Domain"
                      class="flex h-4 w-4 items-center justify-center rounded transition-colors hover:bg-white/[0.06] text-text-muted/40 hover:text-text-muted"
                      data-slot="popover-trigger"
                      data-state="closed"
                      type="button"
                    >
                      <svg
                        aria-hidden="true"
                        class="lucide lucide-funnel h-2.5 w-2.5"
                        fill="none"
                        height="24"
                        stroke="currentColor"
                        stroke-linecap="round"
                        stroke-linejoin="round"
                        stroke-width="2"
                        viewBox="0 0 24 24"
                        width="24"
                        xmlns="http://www.w3.org/2000/svg"
                      >
                        <path
                          d="M10 20a1 1 0 0 0 .553.895l2 1A1 1 0 0 0 14 21v-7a2 2 0 0 1 .517-1.341L21.74 4.67A1 1 0 0 0 21 3H3a1 1 0 0 0-.742 1.67l7.225 7.989A2 2 0 0 1 10 14z"
                        />
                      </svg>
                    </button>
                  </span>
                </th>
                <th
                  class="px-4 py-2.5 text-[10px] font-extrabold uppercase tracking-widest text-text-muted text-left"
                >
                  <span
                    class="inline-flex items-center gap-1.5 justify-start"
                  >
                    <button
                      aria-label="Sort by Citation Share"
                      class="group inline-flex items-center gap-1 transition-colors hover:text-white"
                    >
                      Citation Share
                      <svg
                        aria-hidden="true"
                        class="lucide lucide-arrow-up-down h-3 w-3 opacity-30 group-hover:opacity-100"
                        fill="none"
                        height="24"
                        stroke="currentColor"
                        stroke-linecap="round"
                        stroke-linejoin="round"
                        stroke-width="2"
                        viewBox="0 0 24 24"
                        width="24"
                        xmlns="http://www.w3.org/2000/svg"
                      >
                        <path
                          d="m21 16-4 4-4-4"
                        />
                        <path
                          d="M17 20V4"
                        />
                        <path
                          d="m3 8 4-4 4 4"
                        />
                        <path
                          d="M7 4v16"
                        />
                      </svg>
                    </button>
                    <span
                      class="inline-flex h-3.5 w-3.5 cursor-default items-center justify-center rounded-full border border-white/20 text-[9px] font-bold leading-none text-text-muted flex-shrink-0"
                      data-slot="tooltip-trigger"
                      data-state="closed"
                    >
                      ?
                    </span>
                    <button
                      aria-controls="radix-_r_3_"
                      aria-expanded="false"
                      aria-haspopup="dialog"
                      aria-label="Filter Citation Share"
                      class="flex h-4 w-4 items-center justify-center rounded transition-colors hover:bg-white/[0.06] text-text-muted/40 hover:text-text-muted"
                      data-slot="popover-trigger"
                      data-state="closed"
                      type="button"
                    >
                      <svg
                        aria-hidden="true"
                        class="lucide lucide-funnel h-2.5 w-2.5"
                        fill="none"
                        height="24"
                        stroke="currentColor"
                        stroke-linecap="round"
                        stroke-linejoin="round"
                        stroke-width="2"
                        viewBox="0 0 24 24"
                        width="24"
                        xmlns="http://www.w3.org/2000/svg"
                      >
                        <path
                          d="M10 20a1 1 0 0 0 .553.895l2 1A1 1 0 0 0 14 21v-7a2 2 0 0 1 .517-1.341L21.74 4.67A1 1 0 0 0 21 3H3a1 1 0 0 0-.742 1.67l7.225 7.989A2 2 0 0 1 10 14z"
                        />
                      </svg>
                    </button>
                  </span>
                </th>
                <th
                  class="px-4 py-2.5 text-[10px] font-extrabold uppercase tracking-widest text-text-muted text-left"
                >
                  <span
                    class="inline-flex items-center gap-1.5 justify-start"
                  >
                    <button
                      aria-label="Sort by Prompt Coverage %"
                      class="group inline-flex items-center gap-1 transition-colors hover:text-white"
                    >
                      Prompt Coverage %
                      <svg
                        aria-hidden="true"
                        class="lucide lucide-arrow-up-down h-3 w-3 opacity-30 group-hover:opacity-100"
                        fill="none"
                        height="24"
                        stroke="currentColor"
                        stroke-linecap="round"
                        stroke-linejoin="round"
                        stroke-width="2"
                        viewBox="0 0 24 24"
                        width="24"
                        xmlns="http://www.w3.org/2000/svg"
                      >
                        <path
                          d="m21 16-4 4-4-4"
                        />
                        <path
                          d="M17 20V4"
                        />
                        <path
                          d="m3 8 4-4 4 4"
                        />
                        <path
                          d="M7 4v16"
                        />
                      </svg>
                    </button>
                    <span
                      class="inline-flex h-3.5 w-3.5 cursor-default items-center justify-center rounded-full border border-white/20 text-[9px] font-bold leading-none text-text-muted flex-shrink-0"
                      data-slot="tooltip-trigger"
                      data-state="closed"
                    >
                      ?
                    </span>
                    <button
                      aria-controls="radix-_r_5_"
                      aria-expanded="false"
                      aria-haspopup="dialog"
                      aria-label="Filter Prompt Coverage %"
                      class="flex h-4 w-4 items-center justify-center rounded transition-colors hover:bg-white/[0.06] text-text-muted/40 hover:text-text-muted"
                      data-slot="popover-trigger"
                      data-state="closed"
                      type="button"
                    >
                      <svg
                        aria-hidden="true"
                        class="lucide lucide-funnel h-2.5 w-2.5"
                        fill="none"
                        height="24"
                        stroke="currentColor"
                        stroke-linecap="round"
                        stroke-linejoin="round"
                        stroke-width="2"
                        viewBox="0 0 24 24"
                        width="24"
                        xmlns="http://www.w3.org/2000/svg"
                      >
                        <path
                          d="M10 20a1 1 0 0 0 .553.895l2 1A1 1 0 0 0 14 21v-7a2 2 0 0 1 .517-1.341L21.74 4.67A1 1 0 0 0 21 3H3a1 1 0 0 0-.742 1.67l7.225 7.989A2 2 0 0 1 10 14z"
                        />
                      </svg>
                    </button>
                  </span>
                </th>
              </tr>
            </thead>
            <tbody>
              <tr
                class="border-b border-white/[0.03] transition-colors hover:bg-white/[0.02]"
              >
                <td
                  class="px-4 py-3 text-left"
                >
                  <span
                    class="font-medium text-white/80"
                    title="example.com"
                  >
                    example.com
                  </span>
                </td>
                <td
                  class="px-4 py-3 text-left"
                >
                  <div
                    class="flex items-center gap-2"
                  >
                    <div
                      class="h-4 w-24 overflow-hidden rounded bg-white/[0.04]"
                    >
                      <div
                        class="h-full rounded bg-[#39A0FF]/60"
                        style="width: 100%;"
                      />
                    </div>
                    <span
                      class="tabular-nums text-white/60"
                    >
                      42.0%
                    </span>
                    <span
                      class="text-xs font-semibold tabular-nums text-[#60FF80]"
                    >
                      ↑
                      3.0
                      %
                    </span>
                  </div>
                </td>
                <td
                  class="px-4 py-3 text-left"
                >
                  <span
                    class="tabular-nums text-white"
                  >
                    25%
                  </span>
                </td>
              </tr>
            </tbody>
          </table>
        </div>
      </div>
    </div>
  </div>
  <div
    class="rounded-lg border border-white/[0.08] bg-bg-surface p-6"
  >
    <div
      class="mb-5"
    >
      <div
        class="flex items-center gap-1.5"
      >
        <h3
          class="text-sm font-bold text-white"
        >
          Which prompt clusters offer the biggest PR opportunity?
        </h3>
        <span
          class="inline-flex h-3.5 w-3.5 cursor-default items-center justify-center rounded-full border border-white/20 text-[9px] font-bold leading-none text-text-muted flex-shrink-0"
          data-slot="tooltip-trigger"
          data-state="closed"
        >
          ?
        </span>
      </div>
      <p
        class="mt-1 text-xs text-text-muted"
      >
        Topics ranked by share of citations earned from editorial sources. Higher share means a stronger candidate for the next PR pitch.
      </p>
    </div>
    <div
      class="recharts-responsive-container"
      style="width: 100%; height: 200px; min-width: 0;"
    >
      <div
        style="width: 0px; overflow-x: visible;"
      />
    </div>
  </div>
</div>
`;
