// Vitest Snapshot v1, https://vitest.dev/guide/snapshot.html

exports[`Overview composition resolves to the three parts in order 1`] = `
<div>
  <div
    class="space-y-6"
  >
    <section
      class="space-y-3"
    >
      <div
        class="animate-pulse rounded bg-white/[0.06] h-4 w-32"
        data-export-pending=""
      />
      <div
        class="grid grid-cols-2 gap-3 md:grid-cols-5"
      >
        <div
          class="rounded-lg border border-white/[0.06] bg-bg-surface p-4"
        >
          <div
            class="animate-pulse rounded bg-white/[0.06] mb-3 h-3 w-2/3"
            data-export-pending=""
          />
          <div
            class="animate-pulse rounded bg-white/[0.06] h-6 w-1/2"
            data-export-pending=""
          />
        </div>
        <div
          class="rounded-lg border border-white/[0.06] bg-bg-surface p-4"
        >
          <div
            class="animate-pulse rounded bg-white/[0.06] mb-3 h-3 w-2/3"
            data-export-pending=""
          />
          <div
            class="animate-pulse rounded bg-white/[0.06] h-6 w-1/2"
            data-export-pending=""
          />
        </div>
        <div
          class="rounded-lg border border-white/[0.06] bg-bg-surface p-4"
        >
          <div
            class="animate-pulse rounded bg-white/[0.06] mb-3 h-3 w-2/3"
            data-export-pending=""
          />
          <div
            class="animate-pulse rounded bg-white/[0.06] h-6 w-1/2"
            data-export-pending=""
          />
        </div>
        <div
          class="rounded-lg border border-white/[0.06] bg-bg-surface p-4"
        >
          <div
            class="animate-pulse rounded bg-white/[0.06] mb-3 h-3 w-2/3"
            data-export-pending=""
          />
          <div
            class="animate-pulse rounded bg-white/[0.06] h-6 w-1/2"
            data-export-pending=""
          />
        </div>
        <div
          class="rounded-lg border border-white/[0.06] bg-bg-surface p-4"
        >
          <div
            class="animate-pulse rounded bg-white/[0.06] mb-3 h-3 w-2/3"
            data-export-pending=""
          />
          <div
            class="animate-pulse rounded bg-white/[0.06] h-6 w-1/2"
            data-export-pending=""
          />
        </div>
      </div>
    </section>
    <section
      class="space-y-3"
    >
      <div
        class="animate-pulse rounded bg-white/[0.06] h-4 w-32"
        data-export-pending=""
      />
      <div
        class="grid grid-cols-2 gap-3 md:grid-cols-5"
      >
        <div
          class="rounded-lg border border-white/[0.06] bg-bg-surface p-4"
        >
          <div
            class="animate-pulse rounded bg-white/[0.06] mb-3 h-3 w-2/3"
            data-export-pending=""
          />
          <div
            class="animate-pulse rounded bg-white/[0.06] h-6 w-1/2"
            data-export-pending=""
          />
        </div>
        <div
          class="rounded-lg border border-white/[0.06] bg-bg-surface p-4"
        >
          <div
            class="animate-pulse rounded bg-white/[0.06] mb-3 h-3 w-2/3"
            data-export-pending=""
          />
          <div
            class="animate-pulse rounded bg-white/[0.06] h-6 w-1/2"
            data-export-pending=""
          />
        </div>
        <div
          class="rounded-lg border border-white/[0.06] bg-bg-surface p-4"
        >
          <div
            class="animate-pulse rounded bg-white/[0.06] mb-3 h-3 w-2/3"
            data-export-pending=""
          />
          <div
            class="animate-pulse rounded bg-white/[0.06] h-6 w-1/2"
            data-export-pending=""
          />
        </div>
        <div
          class="rounded-lg border border-white/[0.06] bg-bg-surface p-4"
        >
          <div
            class="animate-pulse rounded bg-white/[0.06] mb-3 h-3 w-2/3"
            data-export-pending=""
          />
          <div
            class="animate-pulse rounded bg-white/[0.06] h-6 w-1/2"
            data-export-pending=""
          />
        </div>
        <div
          class="rounded-lg border border-white/[0.06] bg-bg-surface p-4"
        >
          <div
            class="animate-pulse rounded bg-white/[0.06] mb-3 h-3 w-2/3"
            data-export-pending=""
          />
          <div
            class="animate-pulse rounded bg-white/[0.06] h-6 w-1/2"
            data-export-pending=""
          />
        </div>
      </div>
    </section>
  </div>
  <section
    class="space-y-3"
  >
    <div
      class="animate-pulse rounded bg-white/[0.06] h-4 w-40"
      data-export-pending=""
    />
    <div
      class="flex flex-wrap gap-2"
    >
      <div
        class="animate-pulse rounded bg-white/[0.06] h-7 w-24 !rounded-full"
        data-export-pending=""
      />
      <div
        class="animate-pulse rounded bg-white/[0.06] h-7 w-24 !rounded-full"
        data-export-pending=""
      />
      <div
        class="animate-pulse rounded bg-white/[0.06] h-7 w-24 !rounded-full"
        data-export-pending=""
      />
      <div
        class="animate-pulse rounded bg-white/[0.06] h-7 w-24 !rounded-full"
        data-export-pending=""
      />
    </div>
    <div
      class="animate-pulse rounded bg-white/[0.06] h-64 w-full !rounded-lg"
      data-export-pending=""
    />
  </section>
  <section
    class="space-y-6"
  >
    <div
      class="flex gap-2"
    >
      <div
        class="animate-pulse rounded bg-white/[0.06] h-7 w-44 !rounded-full"
        data-export-pending=""
      />
      <div
        class="animate-pulse rounded bg-white/[0.06] h-7 w-44 !rounded-full"
        data-export-pending=""
      />
    </div>
    <div
      class="space-y-2"
    >
      <div
        class="animate-pulse rounded bg-white/[0.06] h-10 w-full"
        data-export-pending=""
      />
      <div
        class="animate-pulse rounded bg-white/[0.06] h-10 w-full"
        data-export-pending=""
      />
      <div
        class="animate-pulse rounded bg-white/[0.06] h-10 w-full"
        data-export-pending=""
      />
      <div
        class="animate-pulse rounded bg-white/[0.06] h-10 w-full"
        data-export-pending=""
      />
      <div
        class="animate-pulse rounded bg-white/[0.06] h-10 w-full"
        data-export-pending=""
      />
    </div>
  </section>
</div>
`;

exports[`Platform composition inserts follower-graph as the second part 1`] = `
<div>
  <div
    class="space-y-6"
  >
    <section
      class="space-y-3"
    >
      <div
        class="animate-pulse rounded bg-white/[0.06] h-4 w-32"
        data-export-pending=""
      />
      <div
        class="grid grid-cols-2 gap-3 md:grid-cols-5"
      >
        <div
          class="rounded-lg border border-white/[0.06] bg-bg-surface p-4"
        >
          <div
            class="animate-pulse rounded bg-white/[0.06] mb-3 h-3 w-2/3"
            data-export-pending=""
          />
          <div
            class="animate-pulse rounded bg-white/[0.06] h-6 w-1/2"
            data-export-pending=""
          />
        </div>
        <div
          class="rounded-lg border border-white/[0.06] bg-bg-surface p-4"
        >
          <div
            class="animate-pulse rounded bg-white/[0.06] mb-3 h-3 w-2/3"
            data-export-pending=""
          />
          <div
            class="animate-pulse rounded bg-white/[0.06] h-6 w-1/2"
            data-export-pending=""
          />
        </div>
        <div
          class="rounded-lg border border-white/[0.06] bg-bg-surface p-4"
        >
          <div
            class="animate-pulse rounded bg-white/[0.06] mb-3 h-3 w-2/3"
            data-export-pending=""
          />
          <div
            class="animate-pulse rounded bg-white/[0.06] h-6 w-1/2"
            data-export-pending=""
          />
        </div>
        <div
          class="rounded-lg border border-white/[0.06] bg-bg-surface p-4"
        >
          <div
            class="animate-pulse rounded bg-white/[0.06] mb-3 h-3 w-2/3"
            data-export-pending=""
          />
          <div
            class="animate-pulse rounded bg-white/[0.06] h-6 w-1/2"
            data-export-pending=""
          />
        </div>
        <div
          class="rounded-lg border border-white/[0.06] bg-bg-surface p-4"
        >
          <div
            class="animate-pulse rounded bg-white/[0.06] mb-3 h-3 w-2/3"
            data-export-pending=""
          />
          <div
            class="animate-pulse rounded bg-white/[0.06] h-6 w-1/2"
            data-export-pending=""
          />
        </div>
      </div>
    </section>
    <section
      class="space-y-3"
    >
      <div
        class="animate-pulse rounded bg-white/[0.06] h-4 w-32"
        data-export-pending=""
      />
      <div
        class="grid grid-cols-2 gap-3 md:grid-cols-5"
      >
        <div
          class="rounded-lg border border-white/[0.06] bg-bg-surface p-4"
        >
          <div
            class="animate-pulse rounded bg-white/[0.06] mb-3 h-3 w-2/3"
            data-export-pending=""
          />
          <div
            class="animate-pulse rounded bg-white/[0.06] h-6 w-1/2"
            data-export-pending=""
          />
        </div>
        <div
          class="rounded-lg border border-white/[0.06] bg-bg-surface p-4"
        >
          <div
            class="animate-pulse rounded bg-white/[0.06] mb-3 h-3 w-2/3"
            data-export-pending=""
          />
          <div
            class="animate-pulse rounded bg-white/[0.06] h-6 w-1/2"
            data-export-pending=""
          />
        </div>
        <div
          class="rounded-lg border border-white/[0.06] bg-bg-surface p-4"
        >
          <div
            class="animate-pulse rounded bg-white/[0.06] mb-3 h-3 w-2/3"
            data-export-pending=""
          />
          <div
            class="animate-pulse rounded bg-white/[0.06] h-6 w-1/2"
            data-export-pending=""
          />
        </div>
        <div
          class="rounded-lg border border-white/[0.06] bg-bg-surface p-4"
        >
          <div
            class="animate-pulse rounded bg-white/[0.06] mb-3 h-3 w-2/3"
            data-export-pending=""
          />
          <div
            class="animate-pulse rounded bg-white/[0.06] h-6 w-1/2"
            data-export-pending=""
          />
        </div>
        <div
          class="rounded-lg border border-white/[0.06] bg-bg-surface p-4"
        >
          <div
            class="animate-pulse rounded bg-white/[0.06] mb-3 h-3 w-2/3"
            data-export-pending=""
          />
          <div
            class="animate-pulse rounded bg-white/[0.06] h-6 w-1/2"
            data-export-pending=""
          />
        </div>
      </div>
    </section>
  </div>
  <section
    class="space-y-3"
  >
    <div
      class="animate-pulse rounded bg-white/[0.06] h-4 w-40"
      data-export-pending=""
    />
    <div
      class="flex flex-wrap gap-2"
    >
      <div
        class="animate-pulse rounded bg-white/[0.06] h-7 w-24 !rounded-full"
        data-export-pending=""
      />
      <div
        class="animate-pulse rounded bg-white/[0.06] h-7 w-24 !rounded-full"
        data-export-pending=""
      />
      <div
        class="animate-pulse rounded bg-white/[0.06] h-7 w-24 !rounded-full"
        data-export-pending=""
      />
      <div
        class="animate-pulse rounded bg-white/[0.06] h-7 w-24 !rounded-full"
        data-export-pending=""
      />
    </div>
    <div
      class="animate-pulse rounded bg-white/[0.06] h-64 w-full !rounded-lg"
      data-export-pending=""
    />
  </section>
  <section
    class="space-y-3"
  >
    <div
      class="animate-pulse rounded bg-white/[0.06] h-4 w-40"
      data-export-pending=""
    />
    <div
      class="flex flex-wrap gap-2"
    >
      <div
        class="animate-pulse rounded bg-white/[0.06] h-7 w-24 !rounded-full"
        data-export-pending=""
      />
      <div
        class="animate-pulse rounded bg-white/[0.06] h-7 w-24 !rounded-full"
        data-export-pending=""
      />
      <div
        class="animate-pulse rounded bg-white/[0.06] h-7 w-24 !rounded-full"
        data-export-pending=""
      />
      <div
        class="animate-pulse rounded bg-white/[0.06] h-7 w-24 !rounded-full"
        data-export-pending=""
      />
    </div>
    <div
      class="animate-pulse rounded bg-white/[0.06] h-64 w-full !rounded-lg"
      data-export-pending=""
    />
  </section>
  <section
    class="space-y-6"
  >
    <div
      class="flex gap-2"
    >
      <div
        class="animate-pulse rounded bg-white/[0.06] h-7 w-44 !rounded-full"
        data-export-pending=""
      />
      <div
        class="animate-pulse rounded bg-white/[0.06] h-7 w-44 !rounded-full"
        data-export-pending=""
      />
    </div>
    <div
      class="space-y-2"
    >
      <div
        class="animate-pulse rounded bg-white/[0.06] h-10 w-full"
        data-export-pending=""
      />
      <div
        class="animate-pulse rounded bg-white/[0.06] h-10 w-full"
        data-export-pending=""
      />
      <div
        class="animate-pulse rounded bg-white/[0.06] h-10 w-full"
        data-export-pending=""
      />
      <div
        class="animate-pulse rounded bg-white/[0.06] h-10 w-full"
        data-export-pending=""
      />
      <div
        class="animate-pulse rounded bg-white/[0.06] h-10 w-full"
        data-export-pending=""
      />
    </div>
  </section>
</div>
`;
