// Vitest Snapshot v1, https://vitest.dev/guide/snapshot.html

exports[`Overview headlines render the actual metric values, not a skeleton 1`] = `
<div>
  <div
    class="space-y-6"
  >
    <section
      class="space-y-3"
    >
      <h3
        class="text-sm font-extrabold uppercase tracking-widest text-text-muted"
      >
        Instagram
      </h3>
      <div
        class="grid grid-cols-2 gap-3 md:grid-cols-5"
      >
        <div
          class="rounded-lg border border-white/[0.08] bg-bg-surface px-6 py-5"
        >
          <div
            class="flex items-center gap-1.5"
          >
            <p
              class="text-xs font-extrabold uppercase tracking-widest text-text-muted"
            >
              Total Followers
            </p>
            <span
              class="group relative inline-flex flex-shrink-0 align-middle"
              data-export-hide=""
            >
              <span
                class="flex h-3.5 w-3.5 cursor-default items-center justify-center rounded-full border border-white/20 text-[9px] font-bold normal-case leading-none tracking-normal text-text-muted outline-none focus-visible:ring-1 focus-visible:ring-white/40"
                tabindex="0"
              >
                ?
              </span>
              <span
                class="pointer-events-none absolute bottom-full left-1/2 z-40 mb-2 w-56 -translate-x-1/2 rounded-md border border-white/[0.08] bg-bg-surface px-3 py-2 text-xs font-normal normal-case leading-relaxed tracking-normal text-text-muted opacity-0 shadow-xl transition-opacity duration-150 group-hover:opacity-100 group-focus-within:opacity-100"
              >
                The total number of followers you have on this channel.
                <span
                  class="absolute left-1/2 top-full -translate-x-1/2 border-4 border-transparent border-t-white/[0.08]"
                />
              </span>
            </span>
          </div>
          <p
            class="mt-2 text-3xl font-extrabold text-white"
          >
            12,345
          </p>
          <p
            class="mt-1 text-sm font-bold text-brand-green"
          >
            ↑
             
            5.2
            % 
            vs prior period
          </p>
        </div>
        <div
          class="rounded-lg border border-white/[0.08] bg-bg-surface px-6 py-5"
        >
          <div
            class="flex items-center gap-1.5"
          >
            <p
              class="text-xs font-extrabold uppercase tracking-widest text-text-muted"
            >
              Net New Followers
            </p>
            <span
              class="group relative inline-flex flex-shrink-0 align-middle"
              data-export-hide=""
            >
              <span
                class="flex h-3.5 w-3.5 cursor-default items-center justify-center rounded-full border border-white/20 text-[9px] font-bold normal-case leading-none tracking-normal text-text-muted outline-none focus-visible:ring-1 focus-visible:ring-white/40"
                tabindex="0"
              >
                ?
              </span>
              <span
                class="pointer-events-none absolute bottom-full left-1/2 z-40 mb-2 w-56 -translate-x-1/2 rounded-md border border-white/[0.08] bg-bg-surface px-3 py-2 text-xs font-normal normal-case leading-relaxed tracking-normal text-text-muted opacity-0 shadow-xl transition-opacity duration-150 group-hover:opacity-100 group-focus-within:opacity-100"
              >
                The net new number of people who have followed your account.
                <span
                  class="absolute left-1/2 top-full -translate-x-1/2 border-4 border-transparent border-t-white/[0.08]"
                />
              </span>
            </span>
          </div>
          <p
            class="mt-2 text-3xl font-extrabold text-white"
          >
            210
          </p>
        </div>
        <div
          class="rounded-lg border border-white/[0.08] bg-bg-surface px-6 py-5"
        >
          <div
            class="flex items-center gap-1.5"
          >
            <p
              class="text-xs font-extrabold uppercase tracking-widest text-text-muted"
            >
              Views
            </p>
            <span
              class="group relative inline-flex flex-shrink-0 align-middle"
              data-export-hide=""
            >
              <span
                class="flex h-3.5 w-3.5 cursor-default items-center justify-center rounded-full border border-white/20 text-[9px] font-bold normal-case leading-none tracking-normal text-text-muted outline-none focus-visible:ring-1 focus-visible:ring-white/40"
                tabindex="0"
              >
                ?
              </span>
              <span
                class="pointer-events-none absolute bottom-full left-1/2 z-40 mb-2 w-56 -translate-x-1/2 rounded-md border border-white/[0.08] bg-bg-surface px-3 py-2 text-xs font-normal normal-case leading-relaxed tracking-normal text-text-muted opacity-0 shadow-xl transition-opacity duration-150 group-hover:opacity-100 group-focus-within:opacity-100"
              >
                The number of times your posts were viewed or displayed.
                <span
                  class="absolute left-1/2 top-full -translate-x-1/2 border-4 border-transparent border-t-white/[0.08]"
                />
              </span>
            </span>
          </div>
          <p
            class="mt-2 text-3xl font-extrabold text-white"
          >
            98,765
          </p>
          <p
            class="mt-1 text-sm font-bold text-text-muted"
          >
            — 
            vs prior period
          </p>
        </div>
        <div
          class="rounded-lg border border-white/[0.08] bg-bg-surface px-6 py-5"
        >
          <div
            class="flex items-center gap-1.5"
          >
            <p
              class="text-xs font-extrabold uppercase tracking-widest text-text-muted"
            >
              Engagements
            </p>
            <span
              class="group relative inline-flex flex-shrink-0 align-middle"
              data-export-hide=""
            >
              <span
                class="flex h-3.5 w-3.5 cursor-default items-center justify-center rounded-full border border-white/20 text-[9px] font-bold normal-case leading-none tracking-normal text-text-muted outline-none focus-visible:ring-1 focus-visible:ring-white/40"
                tabindex="0"
              >
                ?
              </span>
              <span
                class="pointer-events-none absolute bottom-full left-1/2 z-40 mb-2 w-56 -translate-x-1/2 rounded-md border border-white/[0.08] bg-bg-surface px-3 py-2 text-xs font-normal normal-case leading-relaxed tracking-normal text-text-muted opacity-0 shadow-xl transition-opacity duration-150 group-hover:opacity-100 group-focus-within:opacity-100"
              >
                The total number of engagements your posts received. Organic Likes + Saves + Comments + Shares + Reposts.
                <span
                  class="absolute left-1/2 top-full -translate-x-1/2 border-4 border-transparent border-t-white/[0.08]"
                />
              </span>
            </span>
          </div>
          <p
            class="mt-2 text-3xl font-extrabold text-white"
          >
            4,321
          </p>
          <p
            class="mt-1 text-sm font-bold text-text-muted"
          >
            — 
            vs prior period
          </p>
        </div>
        <div
          class="rounded-lg border border-white/[0.08] bg-bg-surface px-6 py-5"
        >
          <div
            class="flex items-center gap-1.5"
          >
            <p
              class="text-xs font-extrabold uppercase tracking-widest text-text-muted"
            >
              Engagement Rate
            </p>
          </div>
          <p
            class="mt-2 text-3xl font-extrabold text-white"
          >
            3%
          </p>
          <p
            class="mt-1 text-sm font-bold text-[#FF4444]"
          >
            ↓
             
            1.1
            % 
            vs prior period
          </p>
        </div>
      </div>
    </section>
    <section
      class="space-y-3"
    >
      <h3
        class="text-sm font-extrabold uppercase tracking-widest text-text-muted"
      >
        Facebook
      </h3>
      <div
        class="grid grid-cols-2 gap-3 md:grid-cols-5"
      >
        <div
          class="rounded-lg border border-white/[0.08] bg-bg-surface px-6 py-5"
        >
          <div
            class="flex items-center gap-1.5"
          >
            <p
              class="text-xs font-extrabold uppercase tracking-widest text-text-muted"
            >
              Total Followers
            </p>
            <span
              class="group relative inline-flex flex-shrink-0 align-middle"
              data-export-hide=""
            >
              <span
                class="flex h-3.5 w-3.5 cursor-default items-center justify-center rounded-full border border-white/20 text-[9px] font-bold normal-case leading-none tracking-normal text-text-muted outline-none focus-visible:ring-1 focus-visible:ring-white/40"
                tabindex="0"
              >
                ?
              </span>
              <span
                class="pointer-events-none absolute bottom-full left-1/2 z-40 mb-2 w-56 -translate-x-1/2 rounded-md border border-white/[0.08] bg-bg-surface px-3 py-2 text-xs font-normal normal-case leading-relaxed tracking-normal text-text-muted opacity-0 shadow-xl transition-opacity duration-150 group-hover:opacity-100 group-focus-within:opacity-100"
              >
                The total number of followers you have on this channel.
                <span
                  class="absolute left-1/2 top-full -translate-x-1/2 border-4 border-transparent border-t-white/[0.08]"
                />
              </span>
            </span>
          </div>
          <p
            class="mt-2 text-3xl font-extrabold text-white"
          >
            8,000
          </p>
          <p
            class="mt-1 text-sm font-bold text-text-muted"
          >
            — 
            vs prior period
          </p>
        </div>
        <div
          class="rounded-lg border border-white/[0.08] bg-bg-surface px-6 py-5"
        >
          <div
            class="flex items-center gap-1.5"
          >
            <p
              class="text-xs font-extrabold uppercase tracking-widest text-text-muted"
            >
              Net New Followers
            </p>
            <span
              class="group relative inline-flex flex-shrink-0 align-middle"
              data-export-hide=""
            >
              <span
                class="flex h-3.5 w-3.5 cursor-default items-center justify-center rounded-full border border-white/20 text-[9px] font-bold normal-case leading-none tracking-normal text-text-muted outline-none focus-visible:ring-1 focus-visible:ring-white/40"
                tabindex="0"
              >
                ?
              </span>
              <span
                class="pointer-events-none absolute bottom-full left-1/2 z-40 mb-2 w-56 -translate-x-1/2 rounded-md border border-white/[0.08] bg-bg-surface px-3 py-2 text-xs font-normal normal-case leading-relaxed tracking-normal text-text-muted opacity-0 shadow-xl transition-opacity duration-150 group-hover:opacity-100 group-focus-within:opacity-100"
              >
                The net new number of people who have followed your account.
                <span
                  class="absolute left-1/2 top-full -translate-x-1/2 border-4 border-transparent border-t-white/[0.08]"
                />
              </span>
            </span>
          </div>
          <p
            class="mt-2 text-3xl font-extrabold text-white"
          >
            -15
          </p>
        </div>
        <div
          class="rounded-lg border border-white/[0.08] bg-bg-surface px-6 py-5"
        >
          <div
            class="flex items-center gap-1.5"
          >
            <p
              class="text-xs font-extrabold uppercase tracking-widest text-text-muted"
            >
              Views
            </p>
            <span
              class="group relative inline-flex flex-shrink-0 align-middle"
              data-export-hide=""
            >
              <span
                class="flex h-3.5 w-3.5 cursor-default items-center justify-center rounded-full border border-white/20 text-[9px] font-bold normal-case leading-none tracking-normal text-text-muted outline-none focus-visible:ring-1 focus-visible:ring-white/40"
                tabindex="0"
              >
                ?
              </span>
              <span
                class="pointer-events-none absolute bottom-full left-1/2 z-40 mb-2 w-56 -translate-x-1/2 rounded-md border border-white/[0.08] bg-bg-surface px-3 py-2 text-xs font-normal normal-case leading-relaxed tracking-normal text-text-muted opacity-0 shadow-xl transition-opacity duration-150 group-hover:opacity-100 group-focus-within:opacity-100"
              >
                The number of times your posts were viewed or displayed.
                <span
                  class="absolute left-1/2 top-full -translate-x-1/2 border-4 border-transparent border-t-white/[0.08]"
                />
              </span>
            </span>
          </div>
          <p
            class="mt-2 text-3xl font-extrabold text-white"
          >
            42,000
          </p>
          <p
            class="mt-1 text-sm font-bold text-text-muted"
          >
            — 
            vs prior period
          </p>
        </div>
        <div
          class="rounded-lg border border-white/[0.08] bg-bg-surface px-6 py-5"
        >
          <div
            class="flex items-center gap-1.5"
          >
            <p
              class="text-xs font-extrabold uppercase tracking-widest text-text-muted"
            >
              Engagements
            </p>
            <span
              class="group relative inline-flex flex-shrink-0 align-middle"
              data-export-hide=""
            >
              <span
                class="flex h-3.5 w-3.5 cursor-default items-center justify-center rounded-full border border-white/20 text-[9px] font-bold normal-case leading-none tracking-normal text-text-muted outline-none focus-visible:ring-1 focus-visible:ring-white/40"
                tabindex="0"
              >
                ?
              </span>
              <span
                class="pointer-events-none absolute bottom-full left-1/2 z-40 mb-2 w-56 -translate-x-1/2 rounded-md border border-white/[0.08] bg-bg-surface px-3 py-2 text-xs font-normal normal-case leading-relaxed tracking-normal text-text-muted opacity-0 shadow-xl transition-opacity duration-150 group-hover:opacity-100 group-focus-within:opacity-100"
              >
                The total number of engagements your posts received. Organic Reactions + Comments + Shares + Post Clicks
                <span
                  class="absolute left-1/2 top-full -translate-x-1/2 border-4 border-transparent border-t-white/[0.08]"
                />
              </span>
            </span>
          </div>
          <p
            class="mt-2 text-3xl font-extrabold text-white"
          >
            900
          </p>
          <p
            class="mt-1 text-sm font-bold text-text-muted"
          >
            — 
            vs prior period
          </p>
        </div>
        <div
          class="rounded-lg border border-white/[0.08] bg-bg-surface px-6 py-5"
        >
          <div
            class="flex items-center gap-1.5"
          >
            <p
              class="text-xs font-extrabold uppercase tracking-widest text-text-muted"
            >
              Engagement Rate
            </p>
            <span
              class="group relative inline-flex flex-shrink-0 align-middle"
              data-export-hide=""
            >
              <span
                class="flex h-3.5 w-3.5 cursor-default items-center justify-center rounded-full border border-white/20 text-[9px] font-bold normal-case leading-none tracking-normal text-text-muted outline-none focus-visible:ring-1 focus-visible:ring-white/40"
                tabindex="0"
              >
                ?
              </span>
              <span
                class="pointer-events-none absolute bottom-full left-1/2 z-40 mb-2 w-56 -translate-x-1/2 rounded-md border border-white/[0.08] bg-bg-surface px-3 py-2 text-xs font-normal normal-case leading-relaxed tracking-normal text-text-muted opacity-0 shadow-xl transition-opacity duration-150 group-hover:opacity-100 group-focus-within:opacity-100"
              >
                The percentage of people who engaged with your posts after seeing them.
                <span
                  class="absolute left-1/2 top-full -translate-x-1/2 border-4 border-transparent border-t-white/[0.08]"
                />
              </span>
            </span>
          </div>
          <p
            class="mt-2 text-3xl font-extrabold text-white"
          >
            1%
          </p>
          <p
            class="mt-1 text-sm font-bold text-text-muted"
          >
            — 
            vs prior period
          </p>
        </div>
      </div>
    </section>
  </div>
</div>
`;
